// Jest Snapshot v1, https://goo.gl/fbAQLP

exports[`Should render ExpenseList component 1`] = `
<div>
  <h1>
    Expense List
  </h1>
  <ExpenseListItem
    amount={3000}
    createdAt={345600000}
    description="Allergy meds"
    id="1"
    key="1"
    note="Too expensive"
  />
  <ExpenseListItem
    amount={9000}
    createdAt={-345600000}
    description="Gas"
    id="2"
    key="2"
    note="Also too expensive"
  />
  <ExpenseListItem
    amount={799}
    createdAt={0}
    description="Flour"
    id="3"
    key="3"
    note="Makin' that bread"
  />
  <br />
</div>
`;

exports[`Should render ExpenseList with empty message 1`] = `
<div>
  <h1>
    Expense List
  </h1>
  <p>
    No Expenses
  </p>
  <br />
</div>
`;
